export const snapshot = {};

snapshot[`Variables 1`] = `
"var hello = 12.45;
var world = null;"
`;

snapshot[`Functions 1`] = `
'foo(true)
var foo = hello(34,"world");'
`;
